// Jest Snapshot v1, https://goo.gl/fbAQLP

exports[`Post item edit 1`] = `
<div>
  <div
    className="PostList"
    data-testid="postlist-container"
  >
    <div
      className="row"
    >
      <div
        className="col-md-10"
      >
        <h1
          className="PostList__Heading"
        >
          Posts
        </h1>
      </div>
    </div>
    <div
      className="row"
    >
      <div
        className="col-md-6"
      >
        <button
          className="btn--primary"
          onClick={[Function]}
          title="Add new post"
          type="button"
        >
          Add Post
        </button>
      </div>
    </div>
    <div
      className="row"
    >
      <div
        className="PostList__Item col"
      />
    </div>
  </div>
</div>
`;
